// Jest Snapshot v1, https://goo.gl/fbAQLP

exports[`syntax error (colocated tests) prod: /Users/giancarloanemone/dev/fusion-cli/test/e2e/colocated-tests-error/fixture-production-error 1`] = `
Array [
  Array [
    "(client) ./src/foo/foo.js
Module build failed (from /Users/giancarloanemone/dev/fusion-cli/build/loaders/babel-loader.js):
SyntaxError: /Users/giancarloanemone/dev/fusion-cli/test/e2e/colocated-tests-error/fixture/src/foo/foo.js: Unexpected character '#' (2:0)

[0m [90m 1 | [39m[90m// a syntax error should generate a compiler error[39m[0m
[0m[31m[1m>[22m[39m[90m 2 | [39m[33m#[39m[33m#[39m[33m#[39m [90m// <- deliberate syntax error to test the compiler[39m[0m
[0m [90m   | [39m[31m[1m^[22m[39m[0m
[0m [90m 3 | [39m[0m
    at Object.raise (/Users/giancarloanemone/dev/fusion-cli/node_modules/@babel/parser/lib/index.js:3831:17)
    at Object.readToken_numberSign (/Users/giancarloanemone/dev/fusion-cli/node_modules/@babel/parser/lib/index.js:4164:12)
    at Object.getTokenFromCode (/Users/giancarloanemone/dev/fusion-cli/node_modules/@babel/parser/lib/index.js:4510:14)
    at Object.getTokenFromCode (/Users/giancarloanemone/dev/fusion-cli/node_modules/@babel/parser/lib/index.js:3584:18)
    at Object.getTokenFromCode (/Users/giancarloanemone/dev/fusion-cli/node_modules/@babel/parser/lib/index.js:2261:20)
    at Object.nextToken (/Users/giancarloanemone/dev/fusion-cli/node_modules/@babel/parser/lib/index.js:4034:12)
    at Object.parse (/Users/giancarloanemone/dev/fusion-cli/node_modules/@babel/parser/lib/index.js:8659:10)
    at parse (/Users/giancarloanemone/dev/fusion-cli/node_modules/@babel/parser/lib/index.js:10643:38)
    at parser (/Users/giancarloanemone/dev/fusion-cli/node_modules/@babel/core/lib/transformation/normalize-file.js:170:34)
    at normalizeFile (/Users/giancarloanemone/dev/fusion-cli/node_modules/@babel/core/lib/transformation/normalize-file.js:138:11)
    at runSync (/Users/giancarloanemone/dev/fusion-cli/node_modules/@babel/core/lib/transformation/index.js:44:43)
    at Object.transformSync (/Users/giancarloanemone/dev/fusion-cli/node_modules/@babel/core/lib/transform.js:43:38)
    at transform (/Users/giancarloanemone/dev/fusion-cli/build/loaders/babel-loader.js:145:20)
    at diskCache.get (/Users/giancarloanemone/dev/fusion-cli/build/loaders/babel-loader.js:107:25)
    at PersistentDiskCache.get (/Users/giancarloanemone/dev/fusion-cli/build/persistent-disk-cache.js:50:20)
 @ ./src/main.js 1:0-23
 @ /Users/giancarloanemone/dev/fusion-cli/entries/client-entry.js
 @ multi /Users/giancarloanemone/dev/fusion-cli/entries/client-public-path.js /Users/giancarloanemone/dev/fusion-cli/entries/client-entry.js",
  ],
  Array [
    "(server) ./src/foo/foo.js
Module build failed (from /Users/giancarloanemone/dev/fusion-cli/build/loaders/babel-loader.js):
SyntaxError: /Users/giancarloanemone/dev/fusion-cli/test/e2e/colocated-tests-error/fixture/src/foo/foo.js: Unexpected character '#' (2:0)

[0m [90m 1 | [39m[90m// a syntax error should generate a compiler error[39m[0m
[0m[31m[1m>[22m[39m[90m 2 | [39m[33m#[39m[33m#[39m[33m#[39m [90m// <- deliberate syntax error to test the compiler[39m[0m
[0m [90m   | [39m[31m[1m^[22m[39m[0m
[0m [90m 3 | [39m[0m
    at Object.raise (/Users/giancarloanemone/dev/fusion-cli/node_modules/@babel/parser/lib/index.js:3831:17)
    at Object.readToken_numberSign (/Users/giancarloanemone/dev/fusion-cli/node_modules/@babel/parser/lib/index.js:4164:12)
    at Object.getTokenFromCode (/Users/giancarloanemone/dev/fusion-cli/node_modules/@babel/parser/lib/index.js:4510:14)
    at Object.getTokenFromCode (/Users/giancarloanemone/dev/fusion-cli/node_modules/@babel/parser/lib/index.js:3584:18)
    at Object.getTokenFromCode (/Users/giancarloanemone/dev/fusion-cli/node_modules/@babel/parser/lib/index.js:2261:20)
    at Object.nextToken (/Users/giancarloanemone/dev/fusion-cli/node_modules/@babel/parser/lib/index.js:4034:12)
    at Object.parse (/Users/giancarloanemone/dev/fusion-cli/node_modules/@babel/parser/lib/index.js:8659:10)
    at parse (/Users/giancarloanemone/dev/fusion-cli/node_modules/@babel/parser/lib/index.js:10643:38)
    at parser (/Users/giancarloanemone/dev/fusion-cli/node_modules/@babel/core/lib/transformation/normalize-file.js:170:34)
    at normalizeFile (/Users/giancarloanemone/dev/fusion-cli/node_modules/@babel/core/lib/transformation/normalize-file.js:138:11)
    at runSync (/Users/giancarloanemone/dev/fusion-cli/node_modules/@babel/core/lib/transformation/index.js:44:43)
    at Object.transformSync (/Users/giancarloanemone/dev/fusion-cli/node_modules/@babel/core/lib/transform.js:43:38)
    at transform (/Users/giancarloanemone/dev/fusion-cli/build/loaders/babel-loader.js:145:20)
    at diskCache.get (/Users/giancarloanemone/dev/fusion-cli/build/loaders/babel-loader.js:107:25)
    at PersistentDiskCache.get (/Users/giancarloanemone/dev/fusion-cli/build/persistent-disk-cache.js:50:20)
 @ ./src/main.js 1:0-23
 @ /Users/giancarloanemone/dev/fusion-cli/entries/server-entry.js
 @ multi /Users/giancarloanemone/dev/fusion-cli/entries/server-public-path.js /Users/giancarloanemone/dev/fusion-cli/entries/server-entry.js",
  ],
  Array [
    "./src/foo/foo.js
Module build failed (from /Users/giancarloanemone/dev/fusion-cli/build/loaders/babel-loader.js):
SyntaxError: /Users/giancarloanemone/dev/fusion-cli/test/e2e/colocated-tests-error/fixture/src/foo/foo.js: Unexpected character '#' (2:0)

[0m [90m 1 | [39m[90m// a syntax error should generate a compiler error[39m[0m
[0m[31m[1m>[22m[39m[90m 2 | [39m[33m#[39m[33m#[39m[33m#[39m [90m// <- deliberate syntax error to test the compiler[39m[0m
[0m [90m   | [39m[31m[1m^[22m[39m[0m
[0m [90m 3 | [39m[0m
    at Object.raise (/Users/giancarloanemone/dev/fusion-cli/node_modules/@babel/parser/lib/index.js:3831:17)
    at Object.readToken_numberSign (/Users/giancarloanemone/dev/fusion-cli/node_modules/@babel/parser/lib/index.js:4164:12)
    at Object.getTokenFromCode (/Users/giancarloanemone/dev/fusion-cli/node_modules/@babel/parser/lib/index.js:4510:14)
    at Object.getTokenFromCode (/Users/giancarloanemone/dev/fusion-cli/node_modules/@babel/parser/lib/index.js:3584:18)
    at Object.getTokenFromCode (/Users/giancarloanemone/dev/fusion-cli/node_modules/@babel/parser/lib/index.js:2261:20)
    at Object.nextToken (/Users/giancarloanemone/dev/fusion-cli/node_modules/@babel/parser/lib/index.js:4034:12)
    at Object.parse (/Users/giancarloanemone/dev/fusion-cli/node_modules/@babel/parser/lib/index.js:8659:10)
    at parse (/Users/giancarloanemone/dev/fusion-cli/node_modules/@babel/parser/lib/index.js:10643:38)
    at parser (/Users/giancarloanemone/dev/fusion-cli/node_modules/@babel/core/lib/transformation/normalize-file.js:170:34)
    at normalizeFile (/Users/giancarloanemone/dev/fusion-cli/node_modules/@babel/core/lib/transformation/normalize-file.js:138:11)
    at runSync (/Users/giancarloanemone/dev/fusion-cli/node_modules/@babel/core/lib/transformation/index.js:44:43)
    at Object.transformSync (/Users/giancarloanemone/dev/fusion-cli/node_modules/@babel/core/lib/transform.js:43:38)
    at transform (/Users/giancarloanemone/dev/fusion-cli/build/loaders/babel-loader.js:145:20)
    at diskCache.get (/Users/giancarloanemone/dev/fusion-cli/build/loaders/babel-loader.js:107:25)
    at PersistentDiskCache.get (/Users/giancarloanemone/dev/fusion-cli/build/persistent-disk-cache.js:50:20)
 @ ./src/main.js 1:0-23
 @ /Users/giancarloanemone/dev/fusion-cli/entries/client-entry.js
 @ multi /Users/giancarloanemone/dev/fusion-cli/entries/client-public-path.js /Users/giancarloanemone/dev/fusion-cli/entries/client-entry.js",
  ],
  Array [
    "./src/foo/foo.js
Module build failed (from /Users/giancarloanemone/dev/fusion-cli/build/loaders/babel-loader.js):
SyntaxError: /Users/giancarloanemone/dev/fusion-cli/test/e2e/colocated-tests-error/fixture/src/foo/foo.js: Unexpected character '#' (2:0)

[0m [90m 1 | [39m[90m// a syntax error should generate a compiler error[39m[0m
[0m[31m[1m>[22m[39m[90m 2 | [39m[33m#[39m[33m#[39m[33m#[39m [90m// <- deliberate syntax error to test the compiler[39m[0m
[0m [90m   | [39m[31m[1m^[22m[39m[0m
[0m [90m 3 | [39m[0m
    at Object.raise (/Users/giancarloanemone/dev/fusion-cli/node_modules/@babel/parser/lib/index.js:3831:17)
    at Object.readToken_numberSign (/Users/giancarloanemone/dev/fusion-cli/node_modules/@babel/parser/lib/index.js:4164:12)
    at Object.getTokenFromCode (/Users/giancarloanemone/dev/fusion-cli/node_modules/@babel/parser/lib/index.js:4510:14)
    at Object.getTokenFromCode (/Users/giancarloanemone/dev/fusion-cli/node_modules/@babel/parser/lib/index.js:3584:18)
    at Object.getTokenFromCode (/Users/giancarloanemone/dev/fusion-cli/node_modules/@babel/parser/lib/index.js:2261:20)
    at Object.nextToken (/Users/giancarloanemone/dev/fusion-cli/node_modules/@babel/parser/lib/index.js:4034:12)
    at Object.parse (/Users/giancarloanemone/dev/fusion-cli/node_modules/@babel/parser/lib/index.js:8659:10)
    at parse (/Users/giancarloanemone/dev/fusion-cli/node_modules/@babel/parser/lib/index.js:10643:38)
    at parser (/Users/giancarloanemone/dev/fusion-cli/node_modules/@babel/core/lib/transformation/normalize-file.js:170:34)
    at normalizeFile (/Users/giancarloanemone/dev/fusion-cli/node_modules/@babel/core/lib/transformation/normalize-file.js:138:11)
    at runSync (/Users/giancarloanemone/dev/fusion-cli/node_modules/@babel/core/lib/transformation/index.js:44:43)
    at Object.transformSync (/Users/giancarloanemone/dev/fusion-cli/node_modules/@babel/core/lib/transform.js:43:38)
    at transform (/Users/giancarloanemone/dev/fusion-cli/build/loaders/babel-loader.js:145:20)
    at diskCache.get (/Users/giancarloanemone/dev/fusion-cli/build/loaders/babel-loader.js:107:25)
    at PersistentDiskCache.get (/Users/giancarloanemone/dev/fusion-cli/build/persistent-disk-cache.js:50:20)
 @ ./src/main.js 1:0-23
 @ /Users/giancarloanemone/dev/fusion-cli/entries/client-entry.js
 @ multi /Users/giancarloanemone/dev/fusion-cli/entries/client-public-path.js /Users/giancarloanemone/dev/fusion-cli/entries/client-entry.js",
  ],
  Array [
    "./src/foo/foo.js
Module build failed (from /Users/giancarloanemone/dev/fusion-cli/build/loaders/babel-loader.js):
SyntaxError: /Users/giancarloanemone/dev/fusion-cli/test/e2e/colocated-tests-error/fixture/src/foo/foo.js: Unexpected character '#' (2:0)

[0m [90m 1 | [39m[90m// a syntax error should generate a compiler error[39m[0m
[0m[31m[1m>[22m[39m[90m 2 | [39m[33m#[39m[33m#[39m[33m#[39m [90m// <- deliberate syntax error to test the compiler[39m[0m
[0m [90m   | [39m[31m[1m^[22m[39m[0m
[0m [90m 3 | [39m[0m
    at Object.raise (/Users/giancarloanemone/dev/fusion-cli/node_modules/@babel/parser/lib/index.js:3831:17)
    at Object.readToken_numberSign (/Users/giancarloanemone/dev/fusion-cli/node_modules/@babel/parser/lib/index.js:4164:12)
    at Object.getTokenFromCode (/Users/giancarloanemone/dev/fusion-cli/node_modules/@babel/parser/lib/index.js:4510:14)
    at Object.getTokenFromCode (/Users/giancarloanemone/dev/fusion-cli/node_modules/@babel/parser/lib/index.js:3584:18)
    at Object.getTokenFromCode (/Users/giancarloanemone/dev/fusion-cli/node_modules/@babel/parser/lib/index.js:2261:20)
    at Object.nextToken (/Users/giancarloanemone/dev/fusion-cli/node_modules/@babel/parser/lib/index.js:4034:12)
    at Object.parse (/Users/giancarloanemone/dev/fusion-cli/node_modules/@babel/parser/lib/index.js:8659:10)
    at parse (/Users/giancarloanemone/dev/fusion-cli/node_modules/@babel/parser/lib/index.js:10643:38)
    at parser (/Users/giancarloanemone/dev/fusion-cli/node_modules/@babel/core/lib/transformation/normalize-file.js:170:34)
    at normalizeFile (/Users/giancarloanemone/dev/fusion-cli/node_modules/@babel/core/lib/transformation/normalize-file.js:138:11)
    at runSync (/Users/giancarloanemone/dev/fusion-cli/node_modules/@babel/core/lib/transformation/index.js:44:43)
    at Object.transformSync (/Users/giancarloanemone/dev/fusion-cli/node_modules/@babel/core/lib/transform.js:43:38)
    at transform (/Users/giancarloanemone/dev/fusion-cli/build/loaders/babel-loader.js:145:20)
    at diskCache.get (/Users/giancarloanemone/dev/fusion-cli/build/loaders/babel-loader.js:107:25)
    at PersistentDiskCache.get (/Users/giancarloanemone/dev/fusion-cli/build/persistent-disk-cache.js:50:20)
 @ ./src/main.js 1:0-23
 @ /Users/giancarloanemone/dev/fusion-cli/entries/server-entry.js
 @ multi /Users/giancarloanemone/dev/fusion-cli/entries/server-public-path.js /Users/giancarloanemone/dev/fusion-cli/entries/server-entry.js",
  ],
]
`;

exports[`syntax error (colocated tests) prod: /Users/giancarloanemone/dev/fusion-cli/test/e2e/colocated-tests-error/fixture-production-warn 1`] = `Array []`;
